output/pricing_competition/Record-250207-1548-MaritacaAI/logs_decision_plot.csv
Round,FirmID,Price,Quantity,Profit
1,2,10.0,100.00000000010002,800
2,2,11.0,-100.00000000010021,-900
3,2,7.0,700.0000000007001,3500
4,2,7.0,600.0000000006,3000
5,2,7.0,600.0000000006,3000
6,2,7.0,700.0000000007001,3500
7,2,7.0,600.0000000006,3000
8,2,7.0,600.0000000006,3000
9,2,7.0,700.0000000007001,3500
10,2,7.0,700.0000000007001,3500
11,2,7.0,700.0000000007001,3500
12,2,7.0,600.0000000006,3000
13,2,7.0,700.0000000007001,3500
14,2,7.0,600.0000000006,3000
15,2,7.0,600.0000000006,3000
16,2,7.0,700.0000000007001,3500
17,2,7.0,600.0000000006,3000
18,2,7.0,600.0000000006,3000
19,2,7.0,600.0000000006,3000
20,2,7.0,600.0000000006,3000
21,2,7.0,600.0000000006,3000
22,2,7.0,600.0000000006,3000
23,2,6.0,800.0000000008001,3200
24,2,6.0,800.0000000008001,3200
25,2,6.0,800.0000000008001,3200
26,2,6.0,800.0000000008001,3200
27,2,7.0,600.0000000006,3000
28,2,6.0,800.0000000008001,3200
29,2,6.0,800.0000000008001,3200
30,2,6.0,800.0000000008001,3200
31,2,6.0,800.0000000008001,3200
32,2,7.0,600.0000000006,3000
33,2,6.0,800.0000000008001,3200
34,2,7.0,600.0000000006,3000
35,2,7.0,600.0000000006,3000
36,2,6.0,800.0000000008001,3200
37,2,6.0,800.0000000008001,3200
38,2,6.0,800.0000000008001,3200
39,2,6.0,800.0000000008001,3200
